// Jest Snapshot v1, https://goo.gl/fbAQLP

exports[`should display an empty user form for signing up/in 1`] = `
<div>
  <form
    class=""
  >
    <fieldset
      class="form"
    >
      <section
        class="formSection"
      >
        <label
          for="username"
        >
          Username 
        </label>
        <input
          class="input"
          id="username"
          name="username"
          type="username"
          value=""
        />
      </section>
      <section
        class="formSection"
      >
        <label
          for="password"
        >
          Password 
        </label>
        <input
          class="input"
          id="password"
          name="password"
          type="password"
          value=""
        />
      </section>
      <button
        type="submit"
      />
      
    </fieldset>
  </form>
</div>
`;
