// Jest Snapshot v1, https://goo.gl/fbAQLP

exports[`should render our AddTags component 1`] = `
<div>
  <section>
    <div>
       
    </div>
    <form>
      <label
        for="tags"
      >
        Tags 
      </label>
      <input
        id="tags"
        type="textbox"
        value=""
      />
      <button
        aria-label="tag-submit"
        type="submit"
      >
        Add Tag
      </button>
    </form>
  </section>
</div>
`;
